// Jest Snapshot v1, https://goo.gl/fbAQLP

exports[`i18n: EN should match the snapshot 1`] = `
Object {
  "common": Object {
    "action": Object {
      "pending": "Starting {{action}}...",
      "success": "Successfully started {{action}}!",
    },
    "backOut": "Back out!",
    "build": "Build",
    "buildAll": "Build all",
    "cancel": "Cancel",
    "confirm": "Confirm",
    "delete": "Delete",
    "deployed": "Deployed {{value}}",
    "deployedDate": "Deployed date",
    "displayName": "Display name",
    "edit": "Edit",
    "environment": "Environment",
    "goLive": "Go live!",
    "lastUpdated": "Last updated: {{value}}",
    "name": "Name",
    "notDeployed": "Not deployed",
    "promote": "Promote",
    "promoteAll": "Promote all",
    "submit": "Submit",
    "testAll": "Run tests",
    "testsFailed": "Untested or tests failing",
    "testsSuccessful": "Tested successfully",
    "version": "Version",
    "view": "View",
  },
  "features": Object {
    "dataFallback": "No features available!",
    "pageTitle": "Features",
    "partiallyPromoted": "Feature is partially promoted!",
    "searchPlaceholder": "Search for features",
    "status": "Status: {{value}}",
    "waitingSince": "Waiting since: {{value}}",
  },
  "microservice": Object {
    "actions": Object {
      "backToList": "Back to list",
    },
    "dataFallback": "Microservice data not available!",
    "pageTitle": "Microservice: {{service}}",
  },
  "microservices": Object {
    "dataFallback": "No microservices available!",
    "pageTitle": "Microservices",
    "searchPlaceholder": "Search for microservices",
  },
  "project": Object {
    "actions": Object {
      "backToList": "Back to list",
    },
    "add": Object {
      "pageTitle": "Add project",
      "successMessage": "Successfully added a new project!",
    },
    "edit": Object {
      "pageTitle": "Edit project: {{namespace}}",
      "successMessage": "Successfully edited a project!",
    },
  },
  "projects": Object {
    "actions": Object {
      "add": "Add project",
      "delete": Object {
        "confirm": "Are you sure you want to delete project - {{namespace}}?",
        "pending": "Deleting project {{namespace}}...",
        "success": "Successfully deleted project {{namespace}}!",
      },
    },
    "dataFallback": "No projects available!",
    "pageTitle": "Projects",
    "tableColumns": Object {
      "actions": "Actions",
      "namespace": "Namespace",
      "owner": "Owner",
      "title": "Title",
    },
  },
  "test": Object {
    "simple": "Simple example without params",
    "withParams": "Example with params: {{firstValue}} {{secondValue}}",
  },
}
`;
